// Jest Snapshot v1, https://goo.gl/fbAQLP

exports[`Tests of Multiple groups Component Prevent the component to not render if not receive props 1`] = `null`;
