// Jest Snapshot v1, https://goo.gl/fbAQLP

exports[`Test if the component is showing the elements Prevent the component to not render 1`] = `null`;

exports[`Test if the component is showing the elements Render the component correctly with the data passed 1`] = `
<div>
  <span>
    1
  </span>
  <span
    className="team-name"
  >
    Lorem Ipsum
  </span>
  <span>
    10
  </span>
  <span>
    5
  </span>
  <span>
    2
  </span>
  <span>
    32
  </span>
</div>
`;
